Creating project graph nodes with @nx/eslint/plugin



[7m[1m[36m NX [39m[22m[27m  [36mRunning target [1mserve[22m for project @snake-rescue/backend and [1m1[22m task it depends on:[39m

[2m[36m[39m[22m

[2m> [22m[2mnx run[22m @snake-rescue/backend:build:production

Compiling TypeScript files for project "@snake-rescue/backend"...
Done compiling TypeScript files for project "@snake-rescue/backend".

[2m> [22m[2mnx run[22m @snake-rescue/backend:serve:development

[2J[3J[H
6:41:03 PM - Starting compilation in watch mode...
6:41:24 PM - Found 0 errors. Watching for file changes.
[1m[31mDebugger listening on ws://localhost:9229/7a287dfe-58cb-4a1a-b9f1-8491c50cf47a
Debugger listening on ws://localhost:9229/7a287dfe-58cb-4a1a-b9f1-8491c50cf47a
For help, see: https://nodejs.org/en/docs/inspector
[39m[22m
[2J[3J[H6:41:25 PM - File change detected. Starting incremental compilation...
6:41:26 PM - Found 0 errors. Watching for file changes.
[1m[31mReferenceError: __dirname is not defined in ES module scope
This file is being treated as an ES module because it has a '.js' file extension and 'C:\Users\paras\OneDrive\Desktop\snake-rescue\libs\backend\core\package.json' contains "type": "module". To treat it as a CommonJS script, rename it to use the '.cjs' file extension.
    at file:///C:/Users/paras/OneDrive/Desktop/snake-rescue/libs/contracts/dist/lib/graphql/shared/scalars/index.js:3:50
    at ModuleJobSync.runSync (node:internal/modules/esm/module_job:436:37)
    at ModuleLoader.importSyncForRequire (node:internal/modules/esm/loader:427:47)
    at loadESMFromCJS (node:internal/modules/cjs/loader:1561:24)
    at Module._compile (node:internal/modules/cjs/loader:1712:5)
    at Object..js (node:internal/modules/cjs/loader:1895:10)
    at Module.load (node:internal/modules/cjs/loader:1465:32)
    at Function.<anonymous> (node:internal/modules/cjs/loader:1282:12)
    at Function.Module._load (C:\Users\paras\OneDrive\Desktop\snake-rescue\node_modules\@nx\js\dist\src\executors\node\node-with-require-overrides.js:17:31)
    at TracingChannel.traceSync (node:diagnostics_channel:322:14)
[39m[22m
[7m[1m[36m NX [39m[22m[27m [1mProcess exited with code 1, waiting for changes to restart...[22m
[1m[31mDebugger listening on ws://localhost:9229/fd996145-5a79-4985-8f3d-7d2257c0317c
Debugger listening on ws://localhost:9229/fd996145-5a79-4985-8f3d-7d2257c0317c
For help, see: https://nodejs.org/en/docs/inspector
[39m[22m
[1m[31mReferenceError: __dirname is not defined in ES module scope
This file is being treated as an ES module because it has a '.js' file extension and 'C:\Users\paras\OneDrive\Desktop\snake-rescue\libs\backend\core\package.json' contains "type": "module". To treat it as a CommonJS script, rename it to use the '.cjs' file extension.
    at file:///C:/Users/paras/OneDrive/Desktop/snake-rescue/libs/contracts/dist/lib/graphql/shared/scalars/index.js:3:50
    at ModuleJobSync.runSync (node:internal/modules/esm/module_job:436:37)
    at ModuleLoader.importSyncForRequire (node:internal/modules/esm/loader:427:47)
    at loadESMFromCJS (node:internal/modules/cjs/loader:1561:24)
    at Module._compile (node:internal/modules/cjs/loader:1712:5)
    at Object..js (node:internal/modules/cjs/loader:1895:10)
    at Module.load (node:internal/modules/cjs/loader:1465:32)
    at Function.<anonymous> (node:internal/modules/cjs/loader:1282:12)
    at Function.Module._load (C:\Users\paras\OneDrive\Desktop\snake-rescue\node_modules\@nx\js\dist\src\executors\node\node-with-require-overrides.js:17:31)
    at TracingChannel.traceSync (node:diagnostics_channel:322:14)
[39m[22m
[7m[1m[36m NX [39m[22m[27m [1mProcess exited with code 1, waiting for changes to restart...[22m
[2J[3J[H
6:42:00 PM - File change detected. Starting incremental compilation...
6:42:01 PM - Found 0 errors. Watching for file changes.
[1m[31mDebugger listening on ws://localhost:9229/3b3f1c7c-9ddb-4145-af66-d8abb4a37210
Debugger listening on ws://localhost:9229/3b3f1c7c-9ddb-4145-af66-d8abb4a37210
For help, see: https://nodejs.org/en/docs/inspector
[39m[22m
[1m[31mReferenceError: __dirname is not defined in ES module scope
This file is being treated as an ES module because it has a '.js' file extension and 'C:\Users\paras\OneDrive\Desktop\snake-rescue\libs\backend\core\package.json' contains "type": "module". To treat it as a CommonJS script, rename it to use the '.cjs' file extension.
    at file:///C:/Users/paras/OneDrive/Desktop/snake-rescue/libs/contracts/dist/lib/graphql/shared/scalars/index.js:3:50
    at ModuleJobSync.runSync (node:internal/modules/esm/module_job:436:37)
    at ModuleLoader.importSyncForRequire (node:internal/modules/esm/loader:427:47)
    at loadESMFromCJS (node:internal/modules/cjs/loader:1561:24)
    at Module._compile (node:internal/modules/cjs/loader:1712:5)
    at Object..js (node:internal/modules/cjs/loader:1895:10)
    at Module.load (node:internal/modules/cjs/loader:1465:32)
    at Function.<anonymous> (node:internal/modules/cjs/loader:1282:12)
    at Function.Module._load (C:\Users\paras\OneDrive\Desktop\snake-rescue\node_modules\@nx\js\dist\src\executors\node\node-with-require-overrides.js:17:31)
    at TracingChannel.traceSync (node:diagnostics_channel:322:14)
[39m[22m
[7m[1m[36m NX [39m[22m[27m [1mProcess exited with code 1, waiting for changes to restart...[22m
[2J[3J[H
6:43:31 PM - File change detected. Starting incremental compilation...
6:43:31 PM - Found 0 errors. Watching for file changes.
[1m[31mDebugger listening on ws://localhost:9229/1279c6ca-3b12-49e1-a09f-ad77faf7817a
Debugger listening on ws://localhost:9229/1279c6ca-3b12-49e1-a09f-ad77faf7817a
For help, see: https://nodejs.org/en/docs/inspector
[39m[22m
[1m[31mReferenceError: __dirname is not defined in ES module scope
This file is being treated as an ES module because it has a '.js' file extension and 'C:\Users\paras\OneDrive\Desktop\snake-rescue\libs\backend\core\package.json' contains "type": "module". To treat it as a CommonJS script, rename it to use the '.cjs' file extension.
    at file:///C:/Users/paras/OneDrive/Desktop/snake-rescue/libs/contracts/dist/lib/graphql/shared/scalars/index.js:3:50
    at ModuleJobSync.runSync (node:internal/modules/esm/module_job:436:37)
    at ModuleLoader.importSyncForRequire (node:internal/modules/esm/loader:427:47)
    at loadESMFromCJS (node:internal/modules/cjs/loader:1561:24)
    at Module._compile (node:internal/modules/cjs/loader:1712:5)
    at Object..js (node:internal/modules/cjs/loader:1895:10)
    at Module.load (node:internal/modules/cjs/loader:1465:32)
    at Function.<anonymous> (node:internal/modules/cjs/loader:1282:12)
    at Function.Module._load (C:\Users\paras\OneDrive\Desktop\snake-rescue\node_modules\@nx\js\dist\src\executors\node\node-with-require-overrides.js:17:31)
    at TracingChannel.traceSync (node:diagnostics_channel:322:14)
[39m[22m
[7m[1m[36m NX [39m[22m[27m [1mProcess exited with code 1, waiting for changes to restart...[22m
[2J[3J[H
6:48:25 PM - File change detected. Starting incremental compilation...
6:48:27 PM - Found 0 errors. Watching for file changes.
C:\Users\paras\OneDrive\Desktop\snake-rescue\node_modules\@nx\js\dist\src\executors\node\node.impl.js:377
    throw new Error(`Could not find ${fileToRun}. Make sure your build succeeded.`);
          ^
Error: Could not find C:\Users\paras\OneDrive\Desktop\snake-rescue\apps\backend\dist\src\main.js. Make sure your build succeeded.
    at fileToRunCorrectPath [90m(C:\Users\paras\OneDrive\Desktop\snake-rescue\[39mnode_modules\[4m@nx[24m\js\dist\src\executors\node\node.impl.js:377:11[90m)[39m
    at [90mC:\Users\paras\OneDrive\Desktop\snake-rescue\[39mnode_modules\[4m@nx[24m\js\dist\src\executors\node\node.impl.js:127:49
    at new Promise (<anonymous>)
    at Object.start [90m(C:\Users\paras\OneDrive\Desktop\snake-rescue\[39mnode_modules\[4m@nx[24m\js\dist\src\executors\node\node.impl.js:118:36[90m)[39m
    at async processQueue [90m(C:\Users\paras\OneDrive\Desktop\snake-rescue\[39mnode_modules\[4m@nx[24m\js\dist\src\executors\node\node.impl.js:77:13[90m)[39m
    at async Timeout._onTimeout [90m(C:\Users\paras\OneDrive\Desktop\snake-rescue\[39mnode_modules\[4m@nx[24m\js\dist\src\executors\node\lib\coalescing-debounce.js:24:40[90m)[39m
Node.js v22.17.1

[2m[32m[39m[22m

[7m[1m[32m NX [39m[22m[27m  [32mSuccessfully ran target [1mserve[22m for project @snake-rescue/backend and [1m1[22m task it depends on[39m


  Run duration:      9.0s
  Cache:             0/2 hit (0%)
  Critical path:     8.8s (1 task)
  Recoverable time:  <1ms

  Recommendations:
    - Drastically reduce your run duration by sharing a cache across your team and CI → https://nx.dev/ci/features/remote-cache?utm_source=nx-cli&utm_medium=cli&utm_campaign=performance-report&utm_content=remote-cache.
    - Speed up or split the longest tasks on the critical path:
        @snake-rescue/backend:build:production    8.8s
